// Jest Snapshot v1, https://goo.gl/fbAQLP

exports[`Testing Test component Match Snapshot 1`] = `
<div>
  <h1
    data-testid="title-text"
  >
    Hola Mundo
  </h1>
  <p>
    hola
  </p>
</div>
`;
